[2026-07-26 17:09:06] Shutting down …
[2026-07-26 17:09:06] Stopped.
[2026-07-26 17:10:47] ==================================================
[2026-07-26 17:10:47] AI Fusion starting …
[2026-07-26 17:10:47] Server already running.
[2026-07-26 17:10:48] Add-in started.
[2026-07-26 18:39:47] Shutting down …
[2026-07-26 18:39:47] Stopped.
[2026-07-26 18:39:48] ==================================================
[2026-07-26 18:39:48] AI Fusion starting …
[2026-07-26 18:39:48] Server already running.
[2026-07-26 18:39:48] Add-in started.
[2026-07-26 18:43:15] Shutting down …
[2026-07-26 18:43:15] Stopped.
[2026-07-26 18:43:15] ==================================================
[2026-07-26 18:43:15] AI Fusion starting …
[2026-07-26 18:43:15] Server already running.
[2026-07-26 18:43:16] Add-in started.
[2026-07-26 19:08:38] Shutting down …
[2026-07-26 19:08:38] Stopped.
[2026-07-26 19:08:39] ==================================================
[2026-07-26 19:08:39] AI Fusion starting …
[2026-07-26 19:08:39] Server already running.
[2026-07-26 19:08:39] Add-in started.
[2026-07-26 20:01:12] Shutting down …
[2026-07-26 20:01:12] Stopped.
[2026-07-26 20:03:42] ==================================================
[2026-07-26 20:03:42] AI Fusion starting …
[2026-07-26 20:03:43] Server ready.
[2026-07-26 20:03:43] Add-in started.
[2026-07-26 20:09:33] Shutting down …
[2026-07-26 20:09:33] Stopped.
[2026-07-26 20:09:34] ==================================================
[2026-07-26 20:09:34] AI Fusion starting …
[2026-07-26 20:09:34] Server already running.
[2026-07-26 20:09:34] Add-in started.
[2026-07-26 20:22:41] Shutting down …
[2026-07-26 20:22:41] Stopped.
[2026-07-26 20:22:42] ==================================================
[2026-07-26 20:22:42] AI Fusion starting …
[2026-07-26 20:22:42] Server already running.
[2026-07-26 20:22:42] Add-in started.
[2026-07-26 20:26:18] Shutting down …
[2026-07-26 20:26:18] Stopped.
[2026-07-26 20:26:19] ==================================================
[2026-07-26 20:26:19] AI Fusion starting …
[2026-07-26 20:26:19] Server already running.
[2026-07-26 20:26:19] Add-in started.
[2026-07-26 20:49:06] Shutting down …
[2026-07-26 20:49:06] Stopped.
[2026-07-27 12:12:51] Shutting down …
[2026-07-27 12:12:52] Stopped.
[2026-07-27 12:12:53] ==================================================
[2026-07-27 12:12:53] AI Fusion starting …
[2026-07-27 12:12:53] Server already running.
[2026-07-27 12:12:53] Add-in started.
[2026-07-27 12:13:43] Shutting down …
[2026-07-27 12:13:43] Stopped.
[2026-07-27 12:13:44] ==================================================
[2026-07-27 12:13:44] AI Fusion starting …
[2026-07-27 12:13:44] Server already running.
[2026-07-27 12:13:44] Add-in started.
[2026-07-27 12:14:32] Shutting down …
[2026-07-27 12:14:32] Stopped.
[2026-07-27 12:14:34] ==================================================
[2026-07-27 12:14:34] AI Fusion starting …
[2026-07-27 12:14:34] Server already running.
[2026-07-27 12:14:34] Add-in started.
[2026-07-27 12:18:00] Shutting down …
[2026-07-27 12:18:00] Stopped.
[2026-07-27 12:18:01] ==================================================
[2026-07-27 12:18:01] AI Fusion starting …
[2026-07-27 12:18:01] Server already running.
[2026-07-27 12:18:01] Add-in started.
[2026-07-27 12:41:03] Shutting down …
[2026-07-27 12:41:03] Stopped.
[2026-07-27 12:41:04] ==================================================
[2026-07-27 12:41:04] AI Fusion starting …
[2026-07-27 12:41:04] Server already running.
[2026-07-27 12:41:04] Add-in started.
[2026-07-27 12:49:44] Shutting down …
[2026-07-27 12:49:44] Stopped.
[2026-07-27 12:49:45] ==================================================
[2026-07-27 12:49:45] AI Fusion starting …
[2026-07-27 12:49:45] Server already running.
[2026-07-27 12:49:46] Add-in started.
[2026-07-27 12:55:53] Shutting down …
[2026-07-27 12:55:53] Stopped.
[2026-07-27 12:55:54] ==================================================
[2026-07-27 12:55:54] AI Fusion starting …
[2026-07-27 12:55:54] Server already running.
[2026-07-27 12:55:54] Add-in started.
[2026-07-27 12:57:29] Shutting down …
[2026-07-27 12:57:29] Stopped.
[2026-07-27 12:57:30] ==================================================
[2026-07-27 12:57:30] AI Fusion starting …
[2026-07-27 12:57:30] Server already running.
[2026-07-27 12:57:30] Add-in started.
[2026-07-27 12:58:48] Shutting down …
[2026-07-27 12:58:48] Stopped.
[2026-07-27 12:58:49] ==================================================
[2026-07-27 12:58:49] AI Fusion starting …
[2026-07-27 12:58:49] Server already running.
[2026-07-27 12:58:49] Add-in started.
[2026-07-27 12:59:02] Shutting down …
[2026-07-27 12:59:02] Stopped.
[2026-07-27 12:59:03] ==================================================
[2026-07-27 12:59:03] AI Fusion starting …
[2026-07-27 12:59:03] Server already running.
[2026-07-27 12:59:03] Add-in started.
[2026-07-27 13:04:18] Shutting down …
[2026-07-27 13:04:18] Stopped.
[2026-07-27 13:04:19] ==================================================
[2026-07-27 13:04:19] AI Fusion starting …
[2026-07-27 13:04:19] Server already running.
[2026-07-27 13:04:19] Add-in started.
[2026-07-27 13:21:48] Shutting down …
[2026-07-27 13:21:48] Stopped.
[2026-07-28 09:02:40] ==================================================
[2026-07-28 09:02:40] AI Fusion starting …
[2026-07-28 09:02:43] Server ready.
[2026-07-28 09:02:43] Add-in started.
[2026-07-28 09:22:50] Shutting down …
[2026-07-28 09:22:50] Stopped.
[2026-07-28 09:22:51] ==================================================
[2026-07-28 09:22:51] AI Fusion starting …
[2026-07-28 09:22:51] Server already running.
[2026-07-28 09:22:51] Add-in started.
[2026-07-28 09:36:08] Shutting down …
[2026-07-28 09:36:08] Stopped.
[2026-07-28 09:36:09] ==================================================
[2026-07-28 09:36:09] AI Fusion starting …
[2026-07-28 09:36:09] Server already running.
[2026-07-28 09:36:09] Add-in started.
[2026-07-28 09:37:22] Shutting down …
[2026-07-28 09:37:22] Stopped.
[2026-07-28 09:37:35] ==================================================
[2026-07-28 09:37:35] AI Fusion starting …
[2026-07-28 09:37:35] Server already running.
[2026-07-28 09:37:36] Add-in started.
[2026-07-28 09:37:47] Shutting down …
[2026-07-28 09:37:47] Stopped.
[2026-07-28 09:38:27] ==================================================
[2026-07-28 09:38:27] AI Fusion starting …
[2026-07-28 09:38:29] Server ready.
[2026-07-28 09:38:29] Add-in started.
[2026-07-28 09:44:51] Shutting down …
[2026-07-28 09:44:51] Stopped.
[2026-07-28 09:44:51] ==================================================
[2026-07-28 09:44:51] AI Fusion starting …
[2026-07-28 09:44:52] Server already running.
[2026-07-28 09:44:52] Add-in started.
[2026-07-28 10:37:32] ==================================================
[2026-07-28 10:37:32] AI Fusion starting …
[2026-07-28 10:37:32] Server already running.
[2026-07-28 10:37:32] Add-in started.
[2026-07-28 10:59:23] Shutting down …
[2026-07-28 10:59:23] Stopped.
[2026-07-28 10:59:24] ==================================================
[2026-07-28 10:59:24] AI Fusion starting …
[2026-07-28 10:59:24] Server already running.
[2026-07-28 10:59:25] Add-in started.
[2026-07-28 11:17:12] Shutting down …
[2026-07-28 11:17:12] Stopped.
[2026-07-28 11:17:13] ==================================================
[2026-07-28 11:17:13] AI Fusion starting …
[2026-07-28 11:17:13] Server already running.
[2026-07-28 11:17:13] Add-in started.
[2026-07-28 11:23:39] Shutting down …
[2026-07-28 11:23:39] Stopped.
[2026-07-28 11:23:40] ==================================================
[2026-07-28 11:23:40] AI Fusion starting …
[2026-07-28 11:23:40] Server already running.
[2026-07-28 11:23:40] Add-in started.
[2026-07-28 12:44:38] Shutting down …
[2026-07-28 12:44:38] Stopped.
[2026-07-28 12:44:39] ==================================================
[2026-07-28 12:44:39] AI Fusion starting …
[2026-07-28 12:44:39] Server already running.
[2026-07-28 12:44:39] Add-in started.
[2026-07-28 12:48:29] Shutting down …
[2026-07-28 12:48:29] Stopped.
[2026-07-28 12:48:31] ==================================================
[2026-07-28 12:48:31] AI Fusion starting …
[2026-07-28 12:48:31] Server already running.
[2026-07-28 12:48:31] Add-in started.
[2026-07-28 13:14:04] Shutting down …
[2026-07-28 13:14:04] Stopped.
[2026-07-28 13:14:05] ==================================================
[2026-07-28 13:14:05] AI Fusion starting …
[2026-07-28 13:14:05] Server already running.
[2026-07-28 13:14:06] Add-in started.
[2026-07-28 13:19:50] Shutting down …
[2026-07-28 13:19:50] Stopped.
[2026-07-28 13:19:51] ==================================================
[2026-07-28 13:19:51] AI Fusion starting …
[2026-07-28 13:19:51] Server already running.
[2026-07-28 13:19:51] Add-in started.
[2026-07-28 13:46:08] Shutting down …
[2026-07-28 13:46:08] Stopped.
[2026-07-28 13:46:09] ==================================================
[2026-07-28 13:46:09] AI Fusion starting …
[2026-07-28 13:46:09] Server already running.
[2026-07-28 13:46:09] Add-in started.
[2026-07-28 17:36:48] Shutting down …
[2026-07-28 17:36:48] Stopped.
[2026-07-28 17:36:48] Shutting down …
[2026-07-28 17:36:48] Stopped.
[2026-07-29 12:18:32] ==================================================
[2026-07-29 12:18:32] AI Fusion starting …
[2026-07-29 12:18:34] Server ready.
[2026-07-29 12:18:35] Add-in started.
[2026-07-29 12:19:05] Shutting down …
[2026-07-29 12:19:05] Stopped.
[2026-07-29 12:19:07] ==================================================
[2026-07-29 12:19:07] AI Fusion starting …
[2026-07-29 12:19:07] Server already running.
[2026-07-29 12:19:08] Add-in started.
[2026-07-29 12:35:23] Shutting down …
[2026-07-29 12:35:23] Stopped.
[2026-07-29 12:35:29] ==================================================
[2026-07-29 12:35:29] AI Fusion starting …
[2026-07-29 12:35:29] Server already running.
[2026-07-29 12:35:29] Add-in started.
[2026-07-29 12:35:40] Shutting down …
[2026-07-29 12:35:41] Stopped.
[2026-07-29 12:35:46] ==================================================
[2026-07-29 12:35:46] AI Fusion starting …
[2026-07-29 12:35:46] Server already running.
[2026-07-29 12:35:47] Add-in started.
